<expected>
	<match method="regexp" index="0">create table other_prod_group \( id integer not null, name char\({1}\) \); create table prod_group \( prod_id integer not null, name char\({1}\) \); create table prod \( id integer not null, name char\({1}\), group_id integer \);</match>
	<match method="regexp" index="0" engine="mysql">create table other_prod_group \( id integer\({0}\) not null, name char\({1}\) \); create table prod_group \( prod_id integer\({0}\) not null, name char\({1}\) \); create table prod \( id integer\({0}\) not null, name char\({1}\), group_id integer\({0}\) \);</match>
</expected>