<expected>
	<match method="regexp" index="0">create table simple \( fieldinterger integer not null, fieldinterger2 integer \);</match>
	<match method="plain" index="1"></match>

	<match method="regexp" index="0" engine="mysql">create table simple \( fieldinterger integer\({0}\) auto_increment not null, fieldinterger2 integer\({0}\) \);</match>
	<match method="plain" index="1" engine="mysql"></match>

	<match method="regexp" index="0" engine="oracle">create table simple \( fieldinterger integer not null, fieldinterger2 integer \);</match>
	<match method="plain" index="1" engine="oracle"></match>

	<match method="regexp" index="0" engine="postgresql">create table simple \( fieldinterger serial not null, fieldinterger2 integer \);</match>
	<match method="plain" index="1" engine="postgresql"></match>

	<match method="regexp" index="0" engine="derby">create table simple \( fieldinterger integer not null generated by default as identity \(start with 1, increment by 1\), fieldinterger2 integer \);</match>
	<match method="plain" index="1" engine="derby"></match>

	<match method="regexp" index="0" engine="mssql">create table simple \( fieldinterger integer identity\(1,1\) not null, fieldinterger2 integer \);</match>
	<match method="plain" index="1" engine="mssql"></match>

	<match method="regexp" index="0" engine="db2">create table simple \( fieldinterger integer not null generated by default as identity start with 1 increment by 1, fieldinterger2 integer \);</match>
	<match method="plain" index="1" engine="db2"></match>

	<match method="regexp" index="0" engine="sybase">create table simple \( fieldinterger integer not null identity, fieldinterger2 integer \);</match>
	<match method="plain" index="1" engine="sybase"></match>

	<match method="regexp" index="0" engine="hsql">create table simple \( fieldinterger integer not null identity, fieldinterger2 integer \);</match>
	<match method="plain" index="1" engine="hsql"></match>

	<match method="regexp" index="0" engine="pointbase">create table simple \( fieldinterger integer not null identity\(1,1\), fieldinterger2 integer \);</match>
	<match method="plain" index="1" engine="pointbase"></match>
</expected>
