<expected>
	<match method="regexp" index="0">create table prod \( id integer not null, name char\({1}\) \);  create table prod2 \( name2 char\({1}\), id2 integer not null \);</match>
	<match method="regexp" index="0" engine="mysql">create table prod \( id integer\({0}\) not null, name char\({1}\) \);  create table prod2 \( name2 char\({1}\), id2 integer\({0}\) not null \);</match>
</expected>