<expected>
	<match method="regexp" index="0">create table prod \( id integer not null, name char\({1}\) not null \);</match>
	<match method="regexp" index="1">alter table prod add primary key \(id, name\);</match>

	<match method="regexp" index="0" engine="mysql">create table prod \( id integer\({0}\) not null, name char\({1}\) not null \);</match>
	<match method="regexp" index="1" engine="mysql">alter table prod add primary key \(id, name\);</match>

	<match method="regexp" index="0" engine="mssql">create table prod \( id integer not null, name char\({1}\) not null \);</match>
	<match method="regexp" index="1" engine="mssql">alter table prod add constraint pk_prod primary key \(id, name\);</match>

	<match method="regexp" index="0" engine="db2">create table prod \( id integer not null, name char\({1}\) not null \);</match>
	<match method="regexp" index="1" engine="db2">alter table prod add constraint pk_prod primary key \(id, name\);</match>

	<match method="regexp" index="0" engine="hsql">create table prod \( id integer not null, name char\({1}\) not null \);</match>
	<match method="regexp" index="1" engine="hsql">alter table prod add constraint pk_prod primary key \(id, name\);</match>

	<match method="regexp" index="0" engine="pointbase">create table prod \( id integer not null, name char\({1}\) not null \);</match>
	<match method="regexp" index="1" engine="pointbase">alter table prod add constraint pk_prod primary key \(id, name\);</match>
</expected>