<expected>
	<match method="regexp" index="0">create table prod \( id integer not null \);</match>
	<match method="regexp" index="0" engine="mysql">create table prod \( id integer\({0}\) not null \);</match>
</expected>