<expected>
	<match method="plain" index="0"></match>
</expected>