<expected>
	<match method="regexp" index="0" engine="mysql">create table table_all \( fieldbit tinyint\(1\), fieldtinyint tinyint\({0}\), fieldsmallint smallint\({1}\), fieldinteger integer\({2}\), fieldbigint bigint\({3}\), fieldfloat float\({4}, {5}\), fielddouble double\({6}, {7}\), fieldreal real\({8}, {9}\), fieldnumeric numeric\({10}, {11}\), fielddecimal decimal\({12}, {13}\), fieldchar char\({14}\), fieldvarchar varchar\({15}\), fieldlongvarchar varchar\({16}\), fielddate date, fieldtime time, fieldtimestamp timestamp\({17}\), fieldbinary binary\({18}\), fieldvarbinary varbinary\({19}\), fieldlongvarbinary varbinary\({20}\), fieldother blob, fieldjavaobject blob, fieldblob blob, fieldclob text \);</match>
	<match method="regexp" index="0" engine="oracle">create table table_all \( fieldbit boolean, fieldtinyint smallint, fieldsmallint smallint, fieldinteger integer, fieldbigint numeric, fieldfloat float\({4}\), fielddouble double precision, fieldreal real, fieldnumeric numeric\({10}, {11}\), fielddecimal decimal\({12}, {13}\), fieldchar char\({14}\), fieldvarchar varchar2\({15}\), fieldlongvarchar long, fielddate date, fieldtime date, fieldtimestamp timestamp\({17}\), fieldbinary blob, fieldvarbinary blob, fieldlongvarbinary blob, fieldother blob, fieldjavaobject blob, fieldblob blob, fieldclob clob \);</match>
	<match method="regexp" index="0" engine="postgresql">create table table_all \( fieldbit boolean, fieldtinyint smallint, fieldsmallint smallint, fieldinteger integer, fieldbigint bigint, fieldfloat double precision, fielddouble double precision, fieldreal real, fieldnumeric numeric\({10}, {11}\), fielddecimal decimal\({12}, {13}\), fieldchar char\({14}\), fieldvarchar varchar\({15}\), fieldlongvarchar varchar\({16}\), fielddate date, fieldtime time\({21}\), fieldtimestamp timestamp\({17}\), fieldbinary bytea, fieldvarbinary bytea, fieldlongvarbinary bytea, fieldother bytea, fieldjavaobject bytea, fieldblob bytea, fieldclob text \);</match>
	<match method="regexp" index="0" engine="derby">create table table_all \( fieldbit char for bit data, fieldtinyint smallint, fieldsmallint smallint, fieldinteger integer, fieldbigint bigint, fieldfloat float\({4}\), fielddouble double, fieldreal real, fieldnumeric numeric\({10}, {11}\), fielddecimal decimal\({12}, {13}\), fieldchar char\({14}\), fieldvarchar varchar\({15}\), fieldlongvarchar long varchar, fielddate date, fieldtime time, fieldtimestamp timestamp, fieldbinary char\({18}\) for bit data, fieldvarbinary varchar\({19}\) for bit data, fieldlongvarbinary long varchar for bit data, fieldother blob\({20}\), fieldjavaobject blob\({21}\), fieldblob blob\({22}\), fieldclob clob\({23}\) \);</match>
	<match method="regexp" index="0" engine="mssql">create table table_all \( fieldbit bit, fieldtinyint tinyint, fieldsmallint smallint, fieldinteger integer, fieldbigint bigint, fieldfloat float\({4}\), fielddouble double precision, fieldreal real, fieldnumeric numeric\({10}, {11}\), fielddecimal decimal\({12}, {13}\), fieldchar char\({14}\), fieldvarchar varchar\({15}\), fieldlongvarchar text, fielddate datetime, fieldtime datetime, fieldtimestamp timestamp, fieldbinary binary\({18}\), fieldvarbinary varbinary\({19}\), fieldlongvarbinary image, fieldother image, fieldjavaobject image, fieldblob image, fieldclob text \);</match>
	<match method="regexp" index="0" engine="sapdb">create table table_all \( fieldbit boolean, fieldtinyint smallint, fieldsmallint smallint, fieldinteger integer, fieldbigint numeric, fieldfloat float, fielddouble double precision, fieldreal double precision, fieldnumeric numeric\({10}, {11}\), fielddecimal decimal\({12}, {13}\), fieldchar char\({14}\), fieldvarchar varchar\({15}\), fieldlongvarchar long\({16}\), fielddate date, fieldtime time, fieldtimestamp timestamp, fieldbinary blob, fieldvarbinary blob, fieldlongvarbinary blob, fieldother blob, fieldjavaobject blob, fieldblob blob, fieldclob clob \);</match>
	<match method="regexp" index="0" engine="sybase">create table table_all \( fieldbit bit, fieldtinyint tinyint, fieldsmallint smallint, fieldinteger integer, fieldbigint numeric, fieldfloat float\({4}\), fielddouble double precision, fieldreal real, fieldnumeric numeric\({10}, {11}\), fielddecimal decimal\({12}, {13}\), fieldchar char\({14}\), fieldvarchar varchar\({15}\), fieldlongvarchar text, fielddate datetime, fieldtime datetime, fieldtimestamp timestamp, fieldbinary binary\({18}\), fieldvarbinary varbinary\({19}\), fieldlongvarbinary varbinary\({20}\), fieldother image, fieldjavaobject image, fieldblob image, fieldclob text \);</match>
	<match method="regexp" index="0" engine="hsql">create table table_all \( fieldbit bit, fieldtinyint tinyint, fieldsmallint smallint, fieldinteger integer, fieldbigint bigint, fieldfloat float, fielddouble double precision\({6}\), fieldreal real, fieldnumeric numeric\({10}\), fielddecimal decimal\({12}, {13}\), fieldchar char\({14}\), fieldvarchar varchar\({15}\), fieldlongvarchar longvarchar, fielddate date, fieldtime time, fieldtimestamp timestamp\({17}\), fieldbinary binary, fieldvarbinary varbinary, fieldlongvarbinary longvarbinary, fieldother other, fieldjavaobject object, fieldblob object, fieldclob object \);</match>
	<match method="regexp" index="0" engine="pointbase">create table table_all \( fieldbit boolean, fieldtinyint smallint, fieldsmallint smallint, fieldinteger integer, fieldbigint numeric\({3}, {22}\), fieldfloat float\({4}\), fielddouble double precision, fieldreal real, fieldnumeric numeric\({10}, {11}\), fielddecimal decimal\({12}, {13}\), fieldchar char\({14}\), fieldvarchar varchar\({15}\), fieldlongvarchar clob\({16}\), fielddate date, fieldtime time, fieldtimestamp timestamp, fieldbinary blob\({18}\), fieldvarbinary blob\({19}\), fieldlongvarbinary blob\({20}\), fieldother blob\({23}\), fieldjavaobject blob\({24}\), fieldblob blob\({25}\), fieldclob clob\({26}\) \);</match>
</expected>


